// Jest Snapshot v1, https://goo.gl/fbAQLP

exports[`Renders a snapshot 1`] = `
<div>
  <h3>
    View Transcription
  </h3>
  <form>
    <div
      className="form-group"
    >
      <label>
        Name: 
      </label>
      <input
        className="form-control"
        readOnly="readOnly"
        type="text"
        value=""
      />
    </div>
    <div
      className="form-group"
    >
      <label>
        Description: 
      </label>
      <input
        className="form-control"
        readOnly="readOnly"
        type="text"
        value=""
      />
    </div>
    <div
      className="form-group"
    >
      <label>
        Transcripton: 
      </label>
      <textarea
        className="form-control"
        readOnly="readOnly"
        rows="10"
        value=""
      />
    </div>
    <div
      className="form-group"
    >
      <input
        className="btn btn-primary"
        onClick={[Function]}
        type="button"
        value="Close"
      />
    </div>
  </form>
</div>
`;
